ATTRIBUTION.md: OK
README.md: OK
configs/experimental-48gb.json: OK
configs/recommended-80gb.json: OK
configs/smoke-48gb.json: OK
configs/smoke-80gb.json: OK
data/README.md: OK
data/development.jsonl: OK
data/export_manifest.json: OK
data/train.jsonl: OK
licenses/AugESC-CC-BY-NC-4.0.txt: OK
licenses/CPCD-Apache-2.0.txt: OK
licenses/ESConv-CC-BY-NC-4.0.txt: OK
model_profiles/qwen3_8_14b.json: OK
model_profiles/qwen3_8_27b.json: OK
model_profiles/qwen3_8_7b.json: OK
requirements.fastpath.lock.txt: OK
requirements.lock.txt: OK
scripts/bootstrap.sh: OK
scripts/fetch_weights.py: OK
scripts/preflight.py: OK
scripts/run_smoke_48gb_experimental.sh: OK
scripts/run_smoke_80gb.sh: OK
scripts/run_train_48gb_experimental.sh: OK
scripts/run_train_80gb.sh: OK
scripts/test_model_profiles.py: OK
scripts/train_qlora.py: OK
